// Jest Snapshot v1, https://goo.gl/fbAQLP

exports[`snapshots testing snapshots for Missions component 1`] = `
<div>
  <table>
    <thead>
      <tr>
        <th>
          Mission
        </th>
        <th>
          Description
        </th>
        <th>
          Status
        </th>
        <th>
           
        </th>
      </tr>
    </thead>
    <tbody />
  </table>
</div>
`;
